Rc files read:
  /etc/LatexMk
  latexmkrc
Latexmk: This is Latexmk, John Collins, 15 June 2025. Version 4.87.
Latexmk: making output directory 'build'
No existing .aux file, so I'll make a simple one, and require run of *latex.
Latexmk: applying rule 'xelatex'...
Rule 'xelatex':  Reasons for rerun
Category 'other':
  Rerun of 'xelatex' forced or previously required:
    Reason or flag: 'Initial setup'

------------
Run number 1 of rule 'xelatex'
------------
------------
Running 'xelatex -no-shell-escape -synctex=1 -interaction=nonstopmode -halt-on-error -file-line-error -no-pdf -recorder -output-directory="build"  "main.tex"'
------------
This is XeTeX, Version 3.141592653-2.6-0.999997 (TeX Live 2025/Debian) (preloaded format=xelatex)
entering extended mode
(./main.tex
LaTeX2e <2025-11-01>
L3 programming layer <2026-01-19>
(/usr/share/texlive/texmf-dist/tex/latex/base/book.cls
Document Class: book 2025/01/22 v1.4n Standard LaTeX document class
(/usr/share/texlive/texmf-dist/tex/latex/base/bk10.clo)) (./config/preamble.tex
 (/usr/share/texlive/texmf-dist/tex/generic/iftex/iftex.sty)
(/usr/share/texlive/texmf-dist/tex/latex/amsmath/amsmath.sty
For additional information on amsmath, use the `?' option.
(/usr/share/texlive/texmf-dist/tex/latex/amsmath/amstext.sty
(/usr/share/texlive/texmf-dist/tex/latex/amsmath/amsgen.sty))
(/usr/share/texlive/texmf-dist/tex/latex/amsmath/amsbsy.sty)
(/usr/share/texlive/texmf-dist/tex/latex/amsmath/amsopn.sty))
(/usr/share/texlive/texmf-dist/tex/latex/amsfonts/amssymb.sty
(/usr/share/texlive/texmf-dist/tex/latex/amsfonts/amsfonts.sty))
(/usr/share/texlive/texmf-dist/tex/latex/unicode-math/unicode-math.sty
(/usr/share/texlive/texmf-dist/tex/latex/l3kernel/expl3.sty
(/usr/share/texlive/texmf-dist/tex/latex/l3backend/l3backend-xetex.def))
(/usr/share/texlive/texmf-dist/tex/latex/unicode-math/unicode-math-xetex.sty
(/usr/share/texlive/texmf-dist/tex/latex/l3packages/xparse/xparse.sty)
(/usr/share/texlive/texmf-dist/tex/latex/l3packages/l3keys2e/l3keys2e.sty)
(/usr/share/texlive/texmf-dist/tex/latex/fontspec/fontspec.sty
(/usr/share/texlive/texmf-dist/tex/latex/fontspec/fontspec-xetex.sty
(/usr/share/texlive/texmf-dist/tex/latex/base/fontenc.sty)
(/usr/share/texlive/texmf-dist/tex/latex/fontspec/fontspec.cfg)))
(/usr/share/texlive/texmf-dist/tex/latex/base/fix-cm.sty
(/usr/share/texlive/texmf-dist/tex/latex/base/ts1enc.def))
(/usr/share/texlive/texmf-dist/tex/latex/unicode-math/unicode-math-table.tex)))
(/usr/share/texlive/texmf-dist/tex/latex/ctex/ctex.sty
(/usr/share/texlive/texmf-dist/tex/latex/ctex/ctexhook.sty)
(/usr/share/texlive/texmf-dist/tex/latex/ctex/ctexpatch.sty)
(/usr/share/texlive/texmf-dist/tex/latex/ctex/config/ctexopts.cfg)
(/usr/share/texlive/texmf-dist/tex/latex/ctex/engine/ctex-engine-xetex.def
(/usr/share/texlive/texmf-dist/tex/xelatex/xecjk/xeCJK.sty
(/usr/share/texlive/texmf-dist/tex/latex/l3packages/xtemplate/xtemplate.sty)
(/usr/share/texlive/texmf-dist/tex/xelatex/xecjk/xeCJK.cfg)))
(/usr/share/texlive/texmf-dist/tex/latex/zhnumber/zhnumber.sty
(/usr/share/texlive/texmf-dist/tex/latex/zhnumber/zhnumber-utf8.cfg))
(/usr/share/texlive/texmf-dist/tex/latex/ctex/scheme/ctex-scheme-chinese.def
(/usr/share/texlive/texmf-dist/tex/latex/ctex/config/ctex-name-utf8.cfg))
(/usr/share/texlive/texmf-dist/tex/latex/tools/indentfirst.sty)
(/usr/share/texlive/texmf-dist/tex/latex/ctex/fontset/ctex-fontset-fandol.def))
 (/usr/share/texlive/texmf-dist/tex/latex/ctex/config/ctex.cfg)
(/usr/share/texlive/texmf-dist/tex/latex/geometry/geometry.sty
(/usr/share/texlive/texmf-dist/tex/latex/graphics/keyval.sty)
(/usr/share/texlive/texmf-dist/tex/generic/iftex/ifvtex.sty))
(/usr/share/texlive/texmf-dist/tex/latex/parskip/parskip.sty
(/usr/share/texlive/texmf-dist/tex/latex/kvoptions/kvoptions.sty
(/usr/share/texlive/texmf-dist/tex/generic/ltxcmds/ltxcmds.sty)
(/usr/share/texlive/texmf-dist/tex/latex/kvsetkeys/kvsetkeys.sty))
(/usr/share/texlive/texmf-dist/tex/latex/etoolbox/etoolbox.sty))
(/usr/share/texlive/texmf-dist/tex/latex/microtype/microtype.sty
(/usr/share/texlive/texmf-dist/tex/latex/microtype/microtype-xetex.def)
(/usr/share/texlive/texmf-dist/tex/latex/microtype/microtype.cfg))
(/usr/share/texlive/texmf-dist/tex/latex/xcolor/xcolor.sty
(/usr/share/texlive/texmf-dist/tex/latex/graphics-cfg/color.cfg)
(/usr/share/texlive/texmf-dist/tex/latex/graphics-def/xetex.def)
(/usr/share/texlive/texmf-dist/tex/latex/graphics/mathcolor.ltx))
(/usr/share/texlive/texmf-dist/tex/latex/upquote/upquote.sty
(/usr/share/texlive/texmf-dist/tex/latex/base/textcomp.sty))
(/usr/share/texlive/texmf-dist/tex/latex/fvextra/fvextra.sty
(/usr/share/texlive/texmf-dist/tex/latex/fancyvrb/fancyvrb.sty)
(/usr/share/texlive/texmf-dist/tex/generic/pdftexcmds/pdftexcmds.sty
(/usr/share/texlive/texmf-dist/tex/generic/infwarerr/infwarerr.sty))
(/usr/share/texlive/texmf-dist/tex/latex/lineno/lineno.sty))
(/usr/share/texlive/texmf-dist/tex/latex/tools/longtable.sty)
(/usr/share/texlive/texmf-dist/tex/latex/booktabs/booktabs.sty)
(/usr/share/texlive/texmf-dist/tex/latex/tools/array.sty)
(/usr/share/texlive/texmf-dist/tex/latex/tools/calc.sty)
(/usr/share/texlive/texmf-dist/tex/latex/footnotehyper/footnotehyper.sty)
(/usr/share/texlive/texmf-dist/tex/latex/graphics/graphicx.sty
(/usr/share/texlive/texmf-dist/tex/latex/graphics/graphics.sty
(/usr/share/texlive/texmf-dist/tex/latex/graphics/trig.sty)
(/usr/share/texlive/texmf-dist/tex/latex/graphics-cfg/graphics.cfg)))
(/usr/share/texlive/texmf-dist/tex/latex/amscls/amsthm.sty)
(/usr/share/texlive/texmf-dist/tex/latex/hyperref/hyperref.sty
(/usr/share/texlive/texmf-dist/tex/generic/kvdefinekeys/kvdefinekeys.sty)
(/usr/share/texlive/texmf-dist/tex/generic/pdfescape/pdfescape.sty)
(/usr/share/texlive/texmf-dist/tex/latex/hycolor/hycolor.sty)
(/usr/share/texlive/texmf-dist/tex/latex/hyperref/nameref.sty
(/usr/share/texlive/texmf-dist/tex/latex/refcount/refcount.sty)
(/usr/share/texlive/texmf-dist/tex/generic/gettitlestring/gettitlestring.sty))
(/usr/share/texlive/texmf-dist/tex/generic/stringenc/stringenc.sty)
(/usr/share/texlive/texmf-dist/tex/latex/hyperref/pd1enc.def)
(/usr/share/texlive/texmf-dist/tex/generic/intcalc/intcalc.sty)
(/usr/share/texlive/texmf-dist/tex/latex/hyperref/puenc.def)
(/usr/share/texlive/texmf-dist/tex/latex/url/url.sty)
(/usr/share/texlive/texmf-dist/tex/generic/bitset/bitset.sty
(/usr/share/texlive/texmf-dist/tex/generic/bigintcalc/bigintcalc.sty)))
(/usr/share/texlive/texmf-dist/tex/latex/hyperref/hxetex.def
(/usr/share/texlive/texmf-dist/tex/latex/rerunfilecheck/rerunfilecheck.sty
(/usr/share/texlive/texmf-dist/tex/generic/uniquecounter/uniquecounter.sty)))
(/usr/share/texlive/texmf-dist/tex/latex/bookmark/bookmark.sty
(/usr/share/texlive/texmf-dist/tex/latex/bookmark/bkm-dvipdfm.def))
(/usr/share/texlive/texmf-dist/tex/latex/xurl/xurl.sty))
(./config/book-info.tex) (build/main.aux)
*geometry* driver: auto-detecting
*geometry* detected driver: xetex

Package hyperref Warning: Rerun to get /PageLabels entry.

(/usr/share/texlive/texmf-dist/tex/latex/amsfonts/umsa.fd)
(/usr/share/texlive/texmf-dist/tex/latex/microtype/mt-msa.cfg)
(/usr/share/texlive/texmf-dist/tex/latex/amsfonts/umsb.fd)
(/usr/share/texlive/texmf-dist/tex/latex/microtype/mt-msb.cfg) [1] [2]
No file main.toc.
(./chapters/00-preface.tex [3] [4]) [5] [6] (./chapters/01-overview.tex
Chapter 1.
[1]

LaTeX Warning: Reference `fig:structure-4part' on page 2 undefined on input lin
e 24.


LaTeX Warning: Reference `fig:soc' on page 2 undefined on input line 37.

[2]

LaTeX Warning: Reference `fig:chip-flow1' on page 3 undefined on input line 109
.

[3] [4] [5]) (./chapters/02-design-environment.tex [6]
Chapter 2.
[7] [8] [9] [10]) (./chapters/03-digital-logic.tex [11] [12]
Chapter 3.
[13] [14] [15] [16] [17] [18] [19] [20]) (./chapters/04-toolchain.tex [21]
[22]
Chapter 4.

LaTeX Warning: Reference `fig:la-branch' on page 23 undefined on input line 20.


[23]

LaTeX Warning: Reference `fig:encoding-format' on page 24 undefined on input li
ne 50.

[24] [25] [26] [27] [28] [29] [30] [31] [32] [33] [34] [35] [36] [37] [38]
[39] [40] [41] [42] [43] [44] [45] [46]) (./chapters/05-simple-cpu.tex [47]
[48]
Chapter 5.
[49] [50] [51] [52] [53] [54] [55] [56] [57] [58] [59])
(./chapters/06-more-instructions.tex [60]
Chapter 6.
[61] [62] [63] [64] [65] [66] [67] [68]) (./chapters/07-exceptions.tex [69]
[70]
Chapter 7.
[71] [72] [73] [74] [75] [76] [77] [78]) (./chapters/08-bus-and-soc.tex
[79] [80]
Chapter 8.
[81]

Package longtable Warning: Column widths have changed
(longtable)                in table 8.1 on input line 62.

[82]

LaTeX Warning: Reference `fig:sram-read' on page 83 undefined on input line 83.


[83]

LaTeX Warning: Reference `fig:sram-write' on page 84 undefined on input line 10
6.

[84]

LaTeX Warning: Reference `fig:axi-channels' on page 85 undefined on input line 
161.

./chapters/08-bus-and-soc.tex:200: ignored error: Infinite glue shrinkage found
 in box being split [85]
./chapters/08-bus-and-soc.tex:281: ignored error: Infinite glue shrinkage found
 in box being split [86] [87]

LaTeX Warning: Reference `fig:axi-handshake' on page 88 undefined on input line
 376.

[88]

LaTeX Warning: Reference `fig:axi-read' on page 89 undefined on input line 395.


[89]

LaTeX Warning: Reference `fig:axi-write' on page 90 undefined on input line 422
.

[90]

LaTeX Warning: Reference `fig:axi-burst' on page 91 undefined on input line 470
.

[91] [92] [93] [94] [95]) (./chapters/09-cache.tex [96]
Chapter 9.
[97]

LaTeX Warning: Reference `fig:cache-access-address-division' on page 98 undefin
ed on input line 179.

[98] [99] [100] [101] [102] [103] [104]

LaTeX Warning: Reference `fig:cache-fsm' on page 105 undefined on input line 60
1.


LaTeX Warning: Reference `fig:cache-fsm' on page 105 undefined on input line 62
5.

[105] [106] [107] [108] [109] [110] [111] [112]
Underfull \hbox (badness 10000) in paragraph at lines 991--993

[113] [114] [115] [116]) (./chapters/10-mmu.tex [117] [118]
Chapter 10.
[119]

LaTeX Warning: Reference `fig:hard-tlb-ctrl' on page 120 undefined on input lin
e 55.


LaTeX Warning: Reference `fig:soft-tlb-ctrl' on page 120 undefined on input lin
e 66.

[120] [121] [122] [123] [124] [125] [126] [127] [128] [129] [130] [131]
[132] [133] [134]) (./chapters/11-advanced-cpu.tex [135] [136]
Chapter 11.
[137] [138] [139] [140] [141] [142] [143] [144]

LaTeX Warning: Reference `fig:branch-direction-correlation' on page 145 undefin
ed on input line 340.


LaTeX Warning: Reference `fig:branch-path-correlation' on page 145 undefined on
 input line 354.

[145]

LaTeX Warning: Reference `fig:BiModal' on page 146 undefined on input line 392.



LaTeX Warning: Reference `fig:GShare' on page 146 undefined on input line 414.

[146] [147]) (./chapters/12-fpga-verification.tex [148]
Chapter 12.

LaTeX Warning: Reference `fig:baixin-arch' on page 149 undefined on input line 
12.

[149]
./chapters/12-fpga-verification.tex:84: ignored error: Infinite glue shrinkage 
found in box being split [150]

LaTeX Warning: Reference `fig:secure-one' on page 151 undefined on input line 1
19.


LaTeX Warning: Reference `fig:secure-two' on page 151 undefined on input line 1
28.


LaTeX Warning: Reference `fig:secure-three' on page 151 undefined on input line
 137.


LaTeX Warning: Reference `fig:secure-four' on page 151 undefined on input line 
146.

[151] [152] [153] [154] [155] [156] [157] [158])
(./chapters/13-operating-system.tex [159] [160]
Chapter 13.
[161] [162] [163] [164] [165] [166] [167] [168] [169] [170] [171] [172]
[173] [174] [175] [176] [177] [178] [179] [180] [181] [182] [183] [184]
[185] [186] [187] [188] [189] [190] [191] [192] [193] [194] [195] [196]
[197]

LaTeX Warning: Reference `fig:am-arch' on page 198 undefined on input line 1674
.

[198] [199] [200] [201] [202] [203] [204] [205] [206] [207])
(./chapters/14-software.tex [208]
Chapter 14.
[209] [210]) (./chapters/15-chip-preparation.tex [211] [212]
Chapter 15.
[213]
./chapters/15-chip-preparation.tex:121: ignored error: Infinite glue shrinkage 
found in box being split [214]

Package longtable Warning: Column widths have changed
(longtable)                in table 15.2 on input line 137.

[215]

LaTeX Warning: Reference `fig:sram-gen' on page 216 undefined on input line 213
.

[216] [217] [218]

LaTeX Warning: Reference `fig:chip-flow' on page 219 undefined on input line 29
6.

[219] [220] [221] [222] [223] [224]) (./chapters/16-chip-frontend.tex [225]
[226]
Chapter 16.
[227] [228] [229] [230] [231] [232] [233]

LaTeX Warning: Reference `fig:dc-obj' on page 234 undefined on input line 379.

[234]

LaTeX Warning: Reference `fig:dc-flow' on page 235 undefined on input line 418.



LaTeX Warning: Reference `fig:dc-workflow' on page 235 undefined on input line 
429.

[235] [236]
Underfull \hbox (badness 5359) in paragraph at lines 515--517
[]\TU/lmroman10-regular.otf(0)/m/n/10 set_driving_cell/set_drive/set_input_tran
sition\TU/FandolSong-Regular(0)/m/n/10 ：|  三 个 命 令 都 会 影 响 输 入 端 口 驱 动 强 度。|  我
 们 通 过
[237] [238]

LaTeX Warning: Reference `fig:setup-hold' on page 239 undefined on input line 6
29.

[239] [240] [241]

LaTeX Warning: Reference `fig:dft-scan-chain' on page 242 undefined on input li
ne 797.

[242] [243]

LaTeX Warning: Reference `fig:MBIST' on page 244 undefined on input line 911.

[244]) (./chapters/17-chip-backend.tex [245] [246]
Chapter 17.
[247] [248]

LaTeX Warning: Reference `fig:chip-place-time' on page 249 undefined on input l
ine 89.

[249] [250]

LaTeX Warning: Reference `fig:CTS' on page 251 undefined on input line 118.

[251] [252] [253] [254]) (./chapters/18-test-and-show.tex [255] [256]
Chapter 18.
[257] [258] [259]

LaTeX Warning: Reference `fig:sys-level-test' on page 260 undefined on input li
ne 171.

[260]) [261] [262] (./chapters/19-conclusion.tex [263])
(./chapters/30-references.tex [264] [265]
Underfull \hbox (badness 1019) in paragraph at lines 43--44
[]\TU/lmroman10-regular.otf(0)/m/n/10 [18] \TU/FandolSong-Regular(0)/m/n/10 胡 伟
 武 汪 文 祥 苏 孟 豪 张 福 新 王 焕 东 章 隆 兵 肖 俊 华 刘 苏 陈 新 科 吴 瑞 阳 李 晓 钰 高 燕 萍\TU/lmroman10
-regular.otf(0)/m/n/10 . \TU/FandolSong-Regular(0)/m/n/10 计 算 机 体 系 结 构 基 础
) (./chapters/40-resources.tex [266])

Package longtable Warning: Table widths have changed. Rerun LaTeX.

[267] (build/main.aux)

LaTeX Warning: There were undefined references.


LaTeX Warning: Label(s) may have changed. Rerun to get cross-references right.

 )
(see the transcript file for additional information)
Output written on build/main.xdv (273 pages, 3831008 bytes).
SyncTeX written on build/main.synctex.gz.
Transcript written on build/main.log.
Latexmk: Getting log file 'build/main.log'
Latexmk: Examining 'build/main.fls'
Latexmk: Examining 'build/main.log'
Latexmk: References changed.
Latexmk: Missing input file 'main.toc' message in .log file:
  No file main.toc.
Latexmk: References changed.
Latexmk: Log file says output to 'build/main.xdv'
Latexmk: Using bibtex to make bibliography file(s).
Latexmk: applying rule 'xelatex'...
Rule 'xelatex':  Reasons for rerun
Changed files or newly in use/created:
  build/main.aux
  build/main.toc

------------
Run number 2 of rule 'xelatex'
------------
------------
Running 'xelatex -no-shell-escape -synctex=1 -interaction=nonstopmode -halt-on-error -file-line-error -no-pdf -recorder -output-directory="build"  "main.tex"'
------------
This is XeTeX, Version 3.141592653-2.6-0.999997 (TeX Live 2025/Debian) (preloaded format=xelatex)
entering extended mode
(./main.tex
LaTeX2e <2025-11-01>
L3 programming layer <2026-01-19>
(/usr/share/texlive/texmf-dist/tex/latex/base/book.cls
Document Class: book 2025/01/22 v1.4n Standard LaTeX document class
(/usr/share/texlive/texmf-dist/tex/latex/base/bk10.clo)) (./config/preamble.tex
 (/usr/share/texlive/texmf-dist/tex/generic/iftex/iftex.sty)
(/usr/share/texlive/texmf-dist/tex/latex/amsmath/amsmath.sty
For additional information on amsmath, use the `?' option.
(/usr/share/texlive/texmf-dist/tex/latex/amsmath/amstext.sty
(/usr/share/texlive/texmf-dist/tex/latex/amsmath/amsgen.sty))
(/usr/share/texlive/texmf-dist/tex/latex/amsmath/amsbsy.sty)
(/usr/share/texlive/texmf-dist/tex/latex/amsmath/amsopn.sty))
(/usr/share/texlive/texmf-dist/tex/latex/amsfonts/amssymb.sty
(/usr/share/texlive/texmf-dist/tex/latex/amsfonts/amsfonts.sty))
(/usr/share/texlive/texmf-dist/tex/latex/unicode-math/unicode-math.sty
(/usr/share/texlive/texmf-dist/tex/latex/l3kernel/expl3.sty
(/usr/share/texlive/texmf-dist/tex/latex/l3backend/l3backend-xetex.def))
(/usr/share/texlive/texmf-dist/tex/latex/unicode-math/unicode-math-xetex.sty
(/usr/share/texlive/texmf-dist/tex/latex/l3packages/xparse/xparse.sty)
(/usr/share/texlive/texmf-dist/tex/latex/l3packages/l3keys2e/l3keys2e.sty)
(/usr/share/texlive/texmf-dist/tex/latex/fontspec/fontspec.sty
(/usr/share/texlive/texmf-dist/tex/latex/fontspec/fontspec-xetex.sty
(/usr/share/texlive/texmf-dist/tex/latex/base/fontenc.sty)
(/usr/share/texlive/texmf-dist/tex/latex/fontspec/fontspec.cfg)))
(/usr/share/texlive/texmf-dist/tex/latex/base/fix-cm.sty
(/usr/share/texlive/texmf-dist/tex/latex/base/ts1enc.def))
(/usr/share/texlive/texmf-dist/tex/latex/unicode-math/unicode-math-table.tex)))
(/usr/share/texlive/texmf-dist/tex/latex/ctex/ctex.sty
(/usr/share/texlive/texmf-dist/tex/latex/ctex/ctexhook.sty)
(/usr/share/texlive/texmf-dist/tex/latex/ctex/ctexpatch.sty)
(/usr/share/texlive/texmf-dist/tex/latex/ctex/config/ctexopts.cfg)
(/usr/share/texlive/texmf-dist/tex/latex/ctex/engine/ctex-engine-xetex.def
(/usr/share/texlive/texmf-dist/tex/xelatex/xecjk/xeCJK.sty
(/usr/share/texlive/texmf-dist/tex/latex/l3packages/xtemplate/xtemplate.sty)
(/usr/share/texlive/texmf-dist/tex/xelatex/xecjk/xeCJK.cfg)))
(/usr/share/texlive/texmf-dist/tex/latex/zhnumber/zhnumber.sty
(/usr/share/texlive/texmf-dist/tex/latex/zhnumber/zhnumber-utf8.cfg))
(/usr/share/texlive/texmf-dist/tex/latex/ctex/scheme/ctex-scheme-chinese.def
(/usr/share/texlive/texmf-dist/tex/latex/ctex/config/ctex-name-utf8.cfg))
(/usr/share/texlive/texmf-dist/tex/latex/tools/indentfirst.sty)
(/usr/share/texlive/texmf-dist/tex/latex/ctex/fontset/ctex-fontset-fandol.def))
 (/usr/share/texlive/texmf-dist/tex/latex/ctex/config/ctex.cfg)
(/usr/share/texlive/texmf-dist/tex/latex/geometry/geometry.sty
(/usr/share/texlive/texmf-dist/tex/latex/graphics/keyval.sty)
(/usr/share/texlive/texmf-dist/tex/generic/iftex/ifvtex.sty))
(/usr/share/texlive/texmf-dist/tex/latex/parskip/parskip.sty
(/usr/share/texlive/texmf-dist/tex/latex/kvoptions/kvoptions.sty
(/usr/share/texlive/texmf-dist/tex/generic/ltxcmds/ltxcmds.sty)
(/usr/share/texlive/texmf-dist/tex/latex/kvsetkeys/kvsetkeys.sty))
(/usr/share/texlive/texmf-dist/tex/latex/etoolbox/etoolbox.sty))
(/usr/share/texlive/texmf-dist/tex/latex/microtype/microtype.sty
(/usr/share/texlive/texmf-dist/tex/latex/microtype/microtype-xetex.def)
(/usr/share/texlive/texmf-dist/tex/latex/microtype/microtype.cfg))
(/usr/share/texlive/texmf-dist/tex/latex/xcolor/xcolor.sty
(/usr/share/texlive/texmf-dist/tex/latex/graphics-cfg/color.cfg)
(/usr/share/texlive/texmf-dist/tex/latex/graphics-def/xetex.def)
(/usr/share/texlive/texmf-dist/tex/latex/graphics/mathcolor.ltx))
(/usr/share/texlive/texmf-dist/tex/latex/upquote/upquote.sty
(/usr/share/texlive/texmf-dist/tex/latex/base/textcomp.sty))
(/usr/share/texlive/texmf-dist/tex/latex/fvextra/fvextra.sty
(/usr/share/texlive/texmf-dist/tex/latex/fancyvrb/fancyvrb.sty)
(/usr/share/texlive/texmf-dist/tex/generic/pdftexcmds/pdftexcmds.sty
(/usr/share/texlive/texmf-dist/tex/generic/infwarerr/infwarerr.sty))
(/usr/share/texlive/texmf-dist/tex/latex/lineno/lineno.sty))
(/usr/share/texlive/texmf-dist/tex/latex/tools/longtable.sty)
(/usr/share/texlive/texmf-dist/tex/latex/booktabs/booktabs.sty)
(/usr/share/texlive/texmf-dist/tex/latex/tools/array.sty)
(/usr/share/texlive/texmf-dist/tex/latex/tools/calc.sty)
(/usr/share/texlive/texmf-dist/tex/latex/footnotehyper/footnotehyper.sty)
(/usr/share/texlive/texmf-dist/tex/latex/graphics/graphicx.sty
(/usr/share/texlive/texmf-dist/tex/latex/graphics/graphics.sty
(/usr/share/texlive/texmf-dist/tex/latex/graphics/trig.sty)
(/usr/share/texlive/texmf-dist/tex/latex/graphics-cfg/graphics.cfg)))
(/usr/share/texlive/texmf-dist/tex/latex/amscls/amsthm.sty)
(/usr/share/texlive/texmf-dist/tex/latex/hyperref/hyperref.sty
(/usr/share/texlive/texmf-dist/tex/generic/kvdefinekeys/kvdefinekeys.sty)
(/usr/share/texlive/texmf-dist/tex/generic/pdfescape/pdfescape.sty)
(/usr/share/texlive/texmf-dist/tex/latex/hycolor/hycolor.sty)
(/usr/share/texlive/texmf-dist/tex/latex/hyperref/nameref.sty
(/usr/share/texlive/texmf-dist/tex/latex/refcount/refcount.sty)
(/usr/share/texlive/texmf-dist/tex/generic/gettitlestring/gettitlestring.sty))
(/usr/share/texlive/texmf-dist/tex/generic/stringenc/stringenc.sty)
(/usr/share/texlive/texmf-dist/tex/latex/hyperref/pd1enc.def)
(/usr/share/texlive/texmf-dist/tex/generic/intcalc/intcalc.sty)
(/usr/share/texlive/texmf-dist/tex/latex/hyperref/puenc.def)
(/usr/share/texlive/texmf-dist/tex/latex/url/url.sty)
(/usr/share/texlive/texmf-dist/tex/generic/bitset/bitset.sty
(/usr/share/texlive/texmf-dist/tex/generic/bigintcalc/bigintcalc.sty)))
(/usr/share/texlive/texmf-dist/tex/latex/hyperref/hxetex.def
(/usr/share/texlive/texmf-dist/tex/latex/rerunfilecheck/rerunfilecheck.sty
(/usr/share/texlive/texmf-dist/tex/generic/uniquecounter/uniquecounter.sty)))
(/usr/share/texlive/texmf-dist/tex/latex/bookmark/bookmark.sty
(/usr/share/texlive/texmf-dist/tex/latex/bookmark/bkm-dvipdfm.def))
(/usr/share/texlive/texmf-dist/tex/latex/xurl/xurl.sty))
(./config/book-info.tex) (build/main.aux)
*geometry* driver: auto-detecting
*geometry* detected driver: xetex
(/usr/share/texlive/texmf-dist/tex/latex/amsfonts/umsa.fd)
(/usr/share/texlive/texmf-dist/tex/latex/microtype/mt-msa.cfg)
(/usr/share/texlive/texmf-dist/tex/latex/amsfonts/umsb.fd)
(/usr/share/texlive/texmf-dist/tex/latex/microtype/mt-msb.cfg) [1] [2]
(build/main.toc [3] [4]) (./chapters/00-preface.tex [5] [6]) [7] [8]
(./chapters/01-overview.tex
Chapter 1.
[1] [2] [3] [4] [5]) (./chapters/02-design-environment.tex [6]
Chapter 2.
[7] [8] [9] [10]) (./chapters/03-digital-logic.tex [11] [12]
Chapter 3.
[13] [14] [15] [16] [17] [18] [19] [20]) (./chapters/04-toolchain.tex [21]
[22]
Chapter 4.
[23] [24] [25] [26] [27] [28] [29] [30] [31] [32] [33] [34] [35] [36] [37]
[38] [39] [40] [41] [42] [43] [44] [45] [46]) (./chapters/05-simple-cpu.tex
[47] [48]
Chapter 5.
[49] [50] [51] [52] [53] [54] [55] [56] [57] [58] [59])
(./chapters/06-more-instructions.tex [60]
Chapter 6.
[61] [62] [63] [64] [65] [66] [67] [68]) (./chapters/07-exceptions.tex [69]
[70]
Chapter 7.
[71] [72] [73] [74] [75] [76] [77] [78]) (./chapters/08-bus-and-soc.tex
[79] [80]
Chapter 8.
[81] [82] [83] [84]
./chapters/08-bus-and-soc.tex:200: ignored error: Infinite glue shrinkage found
 in box being split [85]
./chapters/08-bus-and-soc.tex:281: ignored error: Infinite glue shrinkage found
 in box being split [86] [87] [88] [89] [90] [91] [92] [93] [94] [95])
(./chapters/09-cache.tex [96]
Chapter 9.
[97] [98] [99] [100] [101] [102] [103] [104] [105] [106] [107] [108] [109]
[110] [111] [112]
Underfull \hbox (badness 10000) in paragraph at lines 991--993

[113] [114] [115] [116]) (./chapters/10-mmu.tex [117] [118]
Chapter 10.
[119] [120] [121] [122] [123] [124] [125] [126] [127] [128] [129] [130]
[131] [132] [133] [134]) (./chapters/11-advanced-cpu.tex [135] [136]
Chapter 11.
[137] [138] [139] [140] [141] [142] [143] [144] [145] [146] [147])
(./chapters/12-fpga-verification.tex [148]
Chapter 12.
[149]
./chapters/12-fpga-verification.tex:84: ignored error: Infinite glue shrinkage 
found in box being split [150] [151] [152] [153] [154] [155] [156] [157]
[158]) (./chapters/13-operating-system.tex [159] [160]
Chapter 13.
[161] [162] [163] [164] [165] [166] [167] [168] [169] [170] [171] [172]
[173] [174] [175] [176] [177] [178] [179] [180] [181] [182] [183] [184]
[185] [186] [187] [188] [189] [190] [191] [192] [193] [194] [195] [196]
[197] [198] [199] [200] [201] [202] [203] [204] [205] [206] [207])
(./chapters/14-software.tex [208]
Chapter 14.
[209] [210]) (./chapters/15-chip-preparation.tex [211] [212]
Chapter 15.
[213]
./chapters/15-chip-preparation.tex:121: ignored error: Infinite glue shrinkage 
found in box being split [214] [215] [216] [217] [218] [219] [220] [221]
[222] [223] [224]) (./chapters/16-chip-frontend.tex [225] [226]
Chapter 16.
[227] [228] [229] [230] [231] [232] [233] [234] [235] [236]
Underfull \hbox (badness 5359) in paragraph at lines 515--517
[]\TU/lmroman10-regular.otf(0)/m/n/10 set_driving_cell/set_drive/set_input_tran
sition\TU/FandolSong-Regular(0)/m/n/10 ：|  三 个 命 令 都 会 影 响 输 入 端 口 驱 动 强 度。|  我
 们 通 过
[237] [238] [239] [240] [241] [242] [243] [244])
(./chapters/17-chip-backend.tex [245] [246]
Chapter 17.
[247] [248] [249] [250] [251] [252] [253] [254])
(./chapters/18-test-and-show.tex [255] [256]
Chapter 18.
[257] [258] [259] [260]) [261] [262] (./chapters/19-conclusion.tex [263])
(./chapters/30-references.tex [264] [265]
Underfull \hbox (badness 1019) in paragraph at lines 43--44
[]\TU/lmroman10-regular.otf(0)/m/n/10 [18] \TU/FandolSong-Regular(0)/m/n/10 胡 伟
 武 汪 文 祥 苏 孟 豪 张 福 新 王 焕 东 章 隆 兵 肖 俊 华 刘 苏 陈 新 科 吴 瑞 阳 李 晓 钰 高 燕 萍\TU/lmroman10
-regular.otf(0)/m/n/10 . \TU/FandolSong-Regular(0)/m/n/10 计 算 机 体 系 结 构 基 础
) (./chapters/40-resources.tex [266]) [267] (build/main.aux)

LaTeX Warning: Label(s) may have changed. Rerun to get cross-references right.

 )
(see the transcript file for additional information)
Output written on build/main.xdv (275 pages, 3950020 bytes).
SyncTeX written on build/main.synctex.gz.
Transcript written on build/main.log.
Latexmk: Getting log file 'build/main.log'
Latexmk: Examining 'build/main.fls'
Latexmk: Examining 'build/main.log'
Latexmk: References changed.
Latexmk: Log file says output to 'build/main.xdv'
Latexmk: Using bibtex to make bibliography file(s).
Latexmk: applying rule 'xelatex'...
Rule 'xelatex':  Reasons for rerun
Changed files or newly in use/created:
  build/main.aux
  build/main.toc

------------
Run number 3 of rule 'xelatex'
------------
------------
Running 'xelatex -no-shell-escape -synctex=1 -interaction=nonstopmode -halt-on-error -file-line-error -no-pdf -recorder -output-directory="build"  "main.tex"'
------------
This is XeTeX, Version 3.141592653-2.6-0.999997 (TeX Live 2025/Debian) (preloaded format=xelatex)
entering extended mode
(./main.tex
LaTeX2e <2025-11-01>
L3 programming layer <2026-01-19>
(/usr/share/texlive/texmf-dist/tex/latex/base/book.cls
Document Class: book 2025/01/22 v1.4n Standard LaTeX document class
(/usr/share/texlive/texmf-dist/tex/latex/base/bk10.clo)) (./config/preamble.tex
 (/usr/share/texlive/texmf-dist/tex/generic/iftex/iftex.sty)
(/usr/share/texlive/texmf-dist/tex/latex/amsmath/amsmath.sty
For additional information on amsmath, use the `?' option.
(/usr/share/texlive/texmf-dist/tex/latex/amsmath/amstext.sty
(/usr/share/texlive/texmf-dist/tex/latex/amsmath/amsgen.sty))
(/usr/share/texlive/texmf-dist/tex/latex/amsmath/amsbsy.sty)
(/usr/share/texlive/texmf-dist/tex/latex/amsmath/amsopn.sty))
(/usr/share/texlive/texmf-dist/tex/latex/amsfonts/amssymb.sty
(/usr/share/texlive/texmf-dist/tex/latex/amsfonts/amsfonts.sty))
(/usr/share/texlive/texmf-dist/tex/latex/unicode-math/unicode-math.sty
(/usr/share/texlive/texmf-dist/tex/latex/l3kernel/expl3.sty
(/usr/share/texlive/texmf-dist/tex/latex/l3backend/l3backend-xetex.def))
(/usr/share/texlive/texmf-dist/tex/latex/unicode-math/unicode-math-xetex.sty
(/usr/share/texlive/texmf-dist/tex/latex/l3packages/xparse/xparse.sty)
(/usr/share/texlive/texmf-dist/tex/latex/l3packages/l3keys2e/l3keys2e.sty)
(/usr/share/texlive/texmf-dist/tex/latex/fontspec/fontspec.sty
(/usr/share/texlive/texmf-dist/tex/latex/fontspec/fontspec-xetex.sty
(/usr/share/texlive/texmf-dist/tex/latex/base/fontenc.sty)
(/usr/share/texlive/texmf-dist/tex/latex/fontspec/fontspec.cfg)))
(/usr/share/texlive/texmf-dist/tex/latex/base/fix-cm.sty
(/usr/share/texlive/texmf-dist/tex/latex/base/ts1enc.def))
(/usr/share/texlive/texmf-dist/tex/latex/unicode-math/unicode-math-table.tex)))
(/usr/share/texlive/texmf-dist/tex/latex/ctex/ctex.sty
(/usr/share/texlive/texmf-dist/tex/latex/ctex/ctexhook.sty)
(/usr/share/texlive/texmf-dist/tex/latex/ctex/ctexpatch.sty)
(/usr/share/texlive/texmf-dist/tex/latex/ctex/config/ctexopts.cfg)
(/usr/share/texlive/texmf-dist/tex/latex/ctex/engine/ctex-engine-xetex.def
(/usr/share/texlive/texmf-dist/tex/xelatex/xecjk/xeCJK.sty
(/usr/share/texlive/texmf-dist/tex/latex/l3packages/xtemplate/xtemplate.sty)
(/usr/share/texlive/texmf-dist/tex/xelatex/xecjk/xeCJK.cfg)))
(/usr/share/texlive/texmf-dist/tex/latex/zhnumber/zhnumber.sty
(/usr/share/texlive/texmf-dist/tex/latex/zhnumber/zhnumber-utf8.cfg))
(/usr/share/texlive/texmf-dist/tex/latex/ctex/scheme/ctex-scheme-chinese.def
(/usr/share/texlive/texmf-dist/tex/latex/ctex/config/ctex-name-utf8.cfg))
(/usr/share/texlive/texmf-dist/tex/latex/tools/indentfirst.sty)
(/usr/share/texlive/texmf-dist/tex/latex/ctex/fontset/ctex-fontset-fandol.def))
 (/usr/share/texlive/texmf-dist/tex/latex/ctex/config/ctex.cfg)
(/usr/share/texlive/texmf-dist/tex/latex/geometry/geometry.sty
(/usr/share/texlive/texmf-dist/tex/latex/graphics/keyval.sty)
(/usr/share/texlive/texmf-dist/tex/generic/iftex/ifvtex.sty))
(/usr/share/texlive/texmf-dist/tex/latex/parskip/parskip.sty
(/usr/share/texlive/texmf-dist/tex/latex/kvoptions/kvoptions.sty
(/usr/share/texlive/texmf-dist/tex/generic/ltxcmds/ltxcmds.sty)
(/usr/share/texlive/texmf-dist/tex/latex/kvsetkeys/kvsetkeys.sty))
(/usr/share/texlive/texmf-dist/tex/latex/etoolbox/etoolbox.sty))
(/usr/share/texlive/texmf-dist/tex/latex/microtype/microtype.sty
(/usr/share/texlive/texmf-dist/tex/latex/microtype/microtype-xetex.def)
(/usr/share/texlive/texmf-dist/tex/latex/microtype/microtype.cfg))
(/usr/share/texlive/texmf-dist/tex/latex/xcolor/xcolor.sty
(/usr/share/texlive/texmf-dist/tex/latex/graphics-cfg/color.cfg)
(/usr/share/texlive/texmf-dist/tex/latex/graphics-def/xetex.def)
(/usr/share/texlive/texmf-dist/tex/latex/graphics/mathcolor.ltx))
(/usr/share/texlive/texmf-dist/tex/latex/upquote/upquote.sty
(/usr/share/texlive/texmf-dist/tex/latex/base/textcomp.sty))
(/usr/share/texlive/texmf-dist/tex/latex/fvextra/fvextra.sty
(/usr/share/texlive/texmf-dist/tex/latex/fancyvrb/fancyvrb.sty)
(/usr/share/texlive/texmf-dist/tex/generic/pdftexcmds/pdftexcmds.sty
(/usr/share/texlive/texmf-dist/tex/generic/infwarerr/infwarerr.sty))
(/usr/share/texlive/texmf-dist/tex/latex/lineno/lineno.sty))
(/usr/share/texlive/texmf-dist/tex/latex/tools/longtable.sty)
(/usr/share/texlive/texmf-dist/tex/latex/booktabs/booktabs.sty)
(/usr/share/texlive/texmf-dist/tex/latex/tools/array.sty)
(/usr/share/texlive/texmf-dist/tex/latex/tools/calc.sty)
(/usr/share/texlive/texmf-dist/tex/latex/footnotehyper/footnotehyper.sty)
(/usr/share/texlive/texmf-dist/tex/latex/graphics/graphicx.sty
(/usr/share/texlive/texmf-dist/tex/latex/graphics/graphics.sty
(/usr/share/texlive/texmf-dist/tex/latex/graphics/trig.sty)
(/usr/share/texlive/texmf-dist/tex/latex/graphics-cfg/graphics.cfg)))
(/usr/share/texlive/texmf-dist/tex/latex/amscls/amsthm.sty)
(/usr/share/texlive/texmf-dist/tex/latex/hyperref/hyperref.sty
(/usr/share/texlive/texmf-dist/tex/generic/kvdefinekeys/kvdefinekeys.sty)
(/usr/share/texlive/texmf-dist/tex/generic/pdfescape/pdfescape.sty)
(/usr/share/texlive/texmf-dist/tex/latex/hycolor/hycolor.sty)
(/usr/share/texlive/texmf-dist/tex/latex/hyperref/nameref.sty
(/usr/share/texlive/texmf-dist/tex/latex/refcount/refcount.sty)
(/usr/share/texlive/texmf-dist/tex/generic/gettitlestring/gettitlestring.sty))
(/usr/share/texlive/texmf-dist/tex/generic/stringenc/stringenc.sty)
(/usr/share/texlive/texmf-dist/tex/latex/hyperref/pd1enc.def)
(/usr/share/texlive/texmf-dist/tex/generic/intcalc/intcalc.sty)
(/usr/share/texlive/texmf-dist/tex/latex/hyperref/puenc.def)
(/usr/share/texlive/texmf-dist/tex/latex/url/url.sty)
(/usr/share/texlive/texmf-dist/tex/generic/bitset/bitset.sty
(/usr/share/texlive/texmf-dist/tex/generic/bigintcalc/bigintcalc.sty)))
(/usr/share/texlive/texmf-dist/tex/latex/hyperref/hxetex.def
(/usr/share/texlive/texmf-dist/tex/latex/rerunfilecheck/rerunfilecheck.sty
(/usr/share/texlive/texmf-dist/tex/generic/uniquecounter/uniquecounter.sty)))
(/usr/share/texlive/texmf-dist/tex/latex/bookmark/bookmark.sty
(/usr/share/texlive/texmf-dist/tex/latex/bookmark/bkm-dvipdfm.def))
(/usr/share/texlive/texmf-dist/tex/latex/xurl/xurl.sty))
(./config/book-info.tex) (build/main.aux)
*geometry* driver: auto-detecting
*geometry* detected driver: xetex
(/usr/share/texlive/texmf-dist/tex/latex/amsfonts/umsa.fd)
(/usr/share/texlive/texmf-dist/tex/latex/microtype/mt-msa.cfg)
(/usr/share/texlive/texmf-dist/tex/latex/amsfonts/umsb.fd)
(/usr/share/texlive/texmf-dist/tex/latex/microtype/mt-msb.cfg) [1] [2]
(build/main.toc [3] [4]) (./chapters/00-preface.tex [5] [6]) [7] [8]
(./chapters/01-overview.tex
Chapter 1.
[1] [2] [3] [4] [5]) (./chapters/02-design-environment.tex [6]
Chapter 2.
[7] [8] [9] [10]) (./chapters/03-digital-logic.tex [11] [12]
Chapter 3.
[13] [14] [15] [16] [17] [18] [19] [20]) (./chapters/04-toolchain.tex [21]
[22]
Chapter 4.
[23] [24] [25] [26] [27] [28] [29] [30] [31] [32] [33] [34] [35] [36] [37]
[38] [39] [40] [41] [42] [43] [44] [45] [46]) (./chapters/05-simple-cpu.tex
[47] [48]
Chapter 5.
[49] [50] [51] [52] [53] [54] [55] [56] [57] [58] [59])
(./chapters/06-more-instructions.tex [60]
Chapter 6.
[61] [62] [63] [64] [65] [66] [67] [68]) (./chapters/07-exceptions.tex [69]
[70]
Chapter 7.
[71] [72] [73] [74] [75] [76] [77] [78]) (./chapters/08-bus-and-soc.tex
[79] [80]
Chapter 8.
[81] [82] [83] [84]
./chapters/08-bus-and-soc.tex:200: ignored error: Infinite glue shrinkage found
 in box being split [85]
./chapters/08-bus-and-soc.tex:281: ignored error: Infinite glue shrinkage found
 in box being split [86] [87] [88] [89] [90] [91] [92] [93] [94] [95])
(./chapters/09-cache.tex [96]
Chapter 9.
[97] [98] [99] [100] [101] [102] [103] [104] [105] [106] [107] [108] [109]
[110] [111] [112]
Underfull \hbox (badness 10000) in paragraph at lines 991--993

[113] [114] [115] [116]) (./chapters/10-mmu.tex [117] [118]
Chapter 10.
[119] [120] [121] [122] [123] [124] [125] [126] [127] [128] [129] [130]
[131] [132] [133] [134]) (./chapters/11-advanced-cpu.tex [135] [136]
Chapter 11.
[137] [138] [139] [140] [141] [142] [143] [144] [145] [146] [147])
(./chapters/12-fpga-verification.tex [148]
Chapter 12.
[149]
./chapters/12-fpga-verification.tex:84: ignored error: Infinite glue shrinkage 
found in box being split [150] [151] [152] [153] [154] [155] [156] [157]
[158]) (./chapters/13-operating-system.tex [159] [160]
Chapter 13.
[161] [162] [163] [164] [165] [166] [167] [168] [169] [170] [171] [172]
[173] [174] [175] [176] [177] [178] [179] [180] [181] [182] [183] [184]
[185] [186] [187] [188] [189] [190] [191] [192] [193] [194] [195] [196]
[197] [198] [199] [200] [201] [202] [203] [204] [205] [206] [207])
(./chapters/14-software.tex [208]
Chapter 14.
[209] [210]) (./chapters/15-chip-preparation.tex [211] [212]
Chapter 15.
[213]
./chapters/15-chip-preparation.tex:121: ignored error: Infinite glue shrinkage 
found in box being split [214] [215] [216] [217] [218] [219] [220] [221]
[222] [223] [224]) (./chapters/16-chip-frontend.tex [225] [226]
Chapter 16.
[227] [228] [229] [230] [231] [232] [233] [234] [235] [236]
Underfull \hbox (badness 5359) in paragraph at lines 515--517
[]\TU/lmroman10-regular.otf(0)/m/n/10 set_driving_cell/set_drive/set_input_tran
sition\TU/FandolSong-Regular(0)/m/n/10 ：|  三 个 命 令 都 会 影 响 输 入 端 口 驱 动 强 度。|  我
 们 通 过
[237] [238] [239] [240] [241] [242] [243] [244])
(./chapters/17-chip-backend.tex [245] [246]
Chapter 17.
[247] [248] [249] [250] [251] [252] [253] [254])
(./chapters/18-test-and-show.tex [255] [256]
Chapter 18.
[257] [258] [259] [260]) [261] [262] (./chapters/19-conclusion.tex [263])
(./chapters/30-references.tex [264] [265]
Underfull \hbox (badness 1019) in paragraph at lines 43--44
[]\TU/lmroman10-regular.otf(0)/m/n/10 [18] \TU/FandolSong-Regular(0)/m/n/10 胡 伟
 武 汪 文 祥 苏 孟 豪 张 福 新 王 焕 东 章 隆 兵 肖 俊 华 刘 苏 陈 新 科 吴 瑞 阳 李 晓 钰 高 燕 萍\TU/lmroman10
-regular.otf(0)/m/n/10 . \TU/FandolSong-Regular(0)/m/n/10 计 算 机 体 系 结 构 基 础
) (./chapters/40-resources.tex [266]) [267] (build/main.aux) )
(see the transcript file for additional information)
Output written on build/main.xdv (275 pages, 3950040 bytes).
SyncTeX written on build/main.synctex.gz.
Transcript written on build/main.log.
Latexmk: Getting log file 'build/main.log'
Latexmk: Examining 'build/main.fls'
Latexmk: Examining 'build/main.log'
Latexmk: Log file says output to 'build/main.xdv'
Latexmk: Using bibtex to make bibliography file(s).
Latexmk: applying rule 'xdvipdfmx'...
Rule 'xdvipdfmx':  Reasons for rerun
Changed files or newly in use/created:
  build/main.xdv
Category 'changed_source_rules':
  xelatex
Category 'no_dest':
  xdvipdfmx

------------
Run number 1 of rule 'xdvipdfmx'
------------
------------
Running 'xdvipdfmx -E -o "build/main.pdf"  "build/main.xdv"'
------------
build/main.xdv -> build/main.pdf
[1][2][3][4][5][6][7][8][9][10][11][12][13][14][15][16][17][18][19][20][21][22][23][24][25][26][27][28][29][30][31][32][33][34][35][36][37][38][39][40][41][42][43][44][45][46][47][48][49][50][51][52][53][54][55][56][57][58][59
xdvipdfmx:warning: JPEG: Inconsistent resolution may have specified in Exif and JFIF: 144x144 - 72x72
][60][61][62][63][64][65][66][67][68][69][70][71][72][73][74][75][76][77][78][79][80][81][82][83][84][85][86][87][88][89][90][91
xdvipdfmx:warning: JPEG: Inconsistent resolution may have specified in Exif and JFIF: 144x144 - 72x72
][92
xdvipdfmx:warning: JPEG: Inconsistent resolution may have specified in Exif and JFIF: 144x144 - 72x72
][93][94][95][96
xdvipdfmx:warning: JPEG: Inconsistent resolution may have specified in Exif and JFIF: 144x144 - 72x72
xdvipdfmx:warning: JPEG: Inconsistent resolution may have specified in Exif and JFIF: 144x144 - 72x72
][97
xdvipdfmx:warning: JPEG: Inconsistent resolution may have specified in Exif and JFIF: 144x144 - 72x72
][98
xdvipdfmx:warning: JPEG: Inconsistent resolution may have specified in Exif and JFIF: 144x144 - 72x72
][99][100
xdvipdfmx:warning: JPEG: Inconsistent resolution may have specified in Exif and JFIF: 144x144 - 72x72
][101][102][103][104][105][106][107][108][109][110][111][112][113][114][115][116][117][118][119][120][121][122][123][124][125][126][127][128][129][130][131][132][133][134][135][136][137][138][139][140][141][142][143][144][145][146][147][148][149][150][151][152][153][154][155][156][157][158][159][160][161][162][163][164][165][166][167][168][169][170][171][172][173][174][175][176][177][178][179][180][181][182][183][184][185][186][187][188][189][190][191][192][193][194][195][196][197][198][199][200][201][202][203][204][205][206][207
xdvipdfmx:warning: JPEG: Inconsistent resolution may have specified in Exif and JFIF: 144x144 - 72x72
][208][209][210][211][212][213][214][215][216][217][218][219][220][221][222][223][224][225][226][227][228][229][230][231][232][233][234][235][236][237][238][239][240][241][242][243][244][245][246][247][248][249][250][251][252][253][254][255][256][257][258][259][260][261][262][263][264][265][266][267][268][269][270][271][272][273][274][275]
6985965 bytes written
Latexmk: All targets (build/main.xdv build/main.pdf) are up-to-date

